<html>
<body>
<pre>
<h1>µVision Build Log</h1>
<h2>Project:</h2>
C:\Users\Adri\Desktop\Embedded Systems\EE319KwareSpring2018\Lab10\lab-10-c-spaceinvader-felipe-and-adri\SpaceInvaders.uvproj
Project File Date:  04/23/2018

<h2>Output:</h2>
Rebuild target 'SpaceInvaders'
assembling startup.s...
assembling random.s...
compiling DAC.c...
compiling ADC.c...
compiling Timer0.c...
compiling Timer1.c...
compiling Sound.c...
assembling LCD.s...
assembling Print.s...
compiling SpaceInvaders.c...
compiling ST7735.c...
compiling PLL.c...
compiling Missile.c...
compiling ISR.c...
compiling Portinit.c...
compiling Sprites.c...
compiling Collision.c...
Collision.c(19): warning:  #550-D: variable "nxindex" was set but never used
        uint8_t nxindex = 0;
Collision.c: 1 warning, 0 errors
linking...
Program Size: Code=4152 RO-data=5096 RW-data=412 ZI-data=1124  
".\SpaceInvaders.axf" - 0 Error(s), 1 Warning(s).
Load "C:\\Users\\Adri\\Desktop\\Embedded Systems\\EE319KwareSpring2018\\Lab10\\lab-10-c-spaceinvader-felipe-and-adri\\SpaceInvaders.axf" 
Connecting: Mode=JTAG, Speed=1000000Hz
Erase Done.
Programming Done.
Verify OK.
necting: Mode=JTAG, Speed=1000000Hz
Erase Done.
Programming Done.
Verify OK.
