<html>
<body>
<pre>
<h1>µVision Build Log</h1>
<h2>Project:</h2>
C:\Users\Adri\Desktop\Embedded Systems\EE319KwareSpring2018\Lab10\lab-10-c-spaceinvader-felipe-and-adri\SpaceInvaders.uvproj
Project File Date:  04/24/2018

<h2>Output:</h2>
Build target 'SpaceInvaders'
compiling SpaceInvaders.c...
SpaceInvaders.h(32): warning:  #1-D: last line of file ends without a newline
  void Gameover (void);
Collision.h(16): warning:  #1-D: last line of file ends without a newline
  extern uint32_t score;
DAC.h(27): warning:  #1-D: last line of file ends without a newline
  void DAC_Out(uint8_t data);
SpaceInvaders.c: 3 warnings, 0 errors
linking...
Program Size: Code=5708 RO-data=9176 RW-data=420 ZI-data=1124  
".\SpaceInvaders.axf" - 0 Error(s), 3 Warning(s).
Load "C:\\Users\\Adri\\Desktop\\Embedded Systems\\EE319KwareSpring2018\\Lab10\\lab-10-c-spaceinvader-felipe-and-adri\\SpaceInvaders.axf" 
Connecting: Mode=JTAG, Speed=1000000Hz
Erase Done.
Programming Done.
Verify OK.
</pre>
</body>
</html>
ning:  #1-D: last line of file ends without a newline
  void DAC_Out(uint8_t data);
Sound.c: 1 warning, 0 errors
assembling LCD.s...
assembling Print.s...
compiling SpaceInvaders.c...
SpaceInvaders.h(32): warning:  #1-D: last line of file ends without a newline
  void Gameover (void);
Collision.h(16): warning:  #1-D: last line of file ends without a newline
  extern uint32_t score;
DAC.h(27): warning:  #1-D: last line of file ends without a newline
  void DAC_Out(uint8_t data);
SpaceInvaders.c: 3 warnings, 0 errors
compiling ST7735.c...
compiling PLL.c...
compiling Missile.c...
compiling ISR.c...
SpaceInvaders.h(32): warning:  #1-D: last line of file ends without a newline
  void Gameover (void);
SpaceInvaders.h(32): warning:  #1-D: last line of file ends without a newline
  void Gameover (void);
ISR.c: 2 warnings, 0 errors
compiling Portinit.c...
compiling Sprites.c...
SpaceInvaders.h(32): warning:  #1-D: last line of file ends without a newline
  void Gameover (void);
Sprites.c: 1 warning, 0 errors
compiling Collision.c...
SpaceInvaders.h(32): warning:  #1-D: last line of file ends without a newline
  void Gameover (void);
Collision.c(19): warning:  #550-D: variable "nxindex" was set but never used
        uint8_t nxindex = 0;
Collision.c: 2 warnings, 0 errors
compiling Timer2.c...
DAC.h(27): warning:  #1-D: last line of file ends without a newline
  void DAC_Out(uint8_t data);
Timer2.c(258): warning:  #1-D: last line of file ends without a newline
  }
Timer2.c: 2 warnings, 0 errors
linking...
Program Size: Code=5708 RO-data=9176 RW-data=420 ZI-data=1124  
".\SpaceInvaders.axf" - 0 Error(s), 16 Warning(s).
Load "C:\\Users\\Adri\\Desktop\\Embedded Systems\\EE319KwareSpring2018\\Lab10\\lab-10-c-spaceinvader-felipe-and-adri\\SpaceInvaders.axf" 
Connecting: Mode=JTAG, Speed=1000000Hz
Erase Done.
Programming Done.
Verify OK.
ash Download failed  -  Target DLL has been cancelled
Load "C:\\Users\\Adri\\Desktop\\Embedded Systems\\EE319KwareSpring2018\\Lab10\\lab-10-c-spaceinvader-felipe-and-adri\\SpaceInvaders.axf" 
Connecting: Mode=JTAG, Speed=1000000Hz
Erase Done.
Programming Done.
Verify OK.
